###############################################################################
#
# IAR ELF Linker V7.50.1.10123/W32 for ARM                21/Sep/2016  16:58:02
# Copyright 2007-2015 IAR Systems AB.
#
#    Output file  =  
#        D:\01work\proj\地磁\Code\Project\Qmc5883Test-IAR7.5\Debug\Exe\c.out
#    Map file     =  
#        D:\01work\proj\地磁\Code\Project\Qmc5883Test-IAR7.5\Debug\List\c.map
#    Command line =  
#        D:\01work\proj\地磁\Code\Project\Qmc5883Test-IAR7.5\Debug\Obj\bsp.o
#        D:\01work\proj\地磁\Code\Project\Qmc5883Test-IAR7.5\Debug\Obj\clock.o
#        D:\01work\proj\地磁\Code\Project\Qmc5883Test-IAR7.5\Debug\Obj\device.o
#        D:\01work\proj\地磁\Code\Project\Qmc5883Test-IAR7.5\Debug\Obj\i2c.o
#        D:\01work\proj\地磁\Code\Project\Qmc5883Test-IAR7.5\Debug\Obj\main.o
#        D:\01work\proj\地磁\Code\Project\Qmc5883Test-IAR7.5\Debug\Obj\qmc5883l.o
#        D:\01work\proj\地磁\Code\Project\Qmc5883Test-IAR7.5\Debug\Obj\startup_stm32l151xd.o
#        D:\01work\proj\地磁\Code\Project\Qmc5883Test-IAR7.5\Debug\Obj\stm32l1xx_hal.o
#        D:\01work\proj\地磁\Code\Project\Qmc5883Test-IAR7.5\Debug\Obj\stm32l1xx_hal_adc.o
#        D:\01work\proj\地磁\Code\Project\Qmc5883Test-IAR7.5\Debug\Obj\stm32l1xx_hal_adc_ex.o
#        D:\01work\proj\地磁\Code\Project\Qmc5883Test-IAR7.5\Debug\Obj\stm32l1xx_hal_comp.o
#        D:\01work\proj\地磁\Code\Project\Qmc5883Test-IAR7.5\Debug\Obj\stm32l1xx_hal_cortex.o
#        D:\01work\proj\地磁\Code\Project\Qmc5883Test-IAR7.5\Debug\Obj\stm32l1xx_hal_crc.o
#        D:\01work\proj\地磁\Code\Project\Qmc5883Test-IAR7.5\Debug\Obj\stm32l1xx_hal_cryp.o
#        D:\01work\proj\地磁\Code\Project\Qmc5883Test-IAR7.5\Debug\Obj\stm32l1xx_hal_cryp_ex.o
#        D:\01work\proj\地磁\Code\Project\Qmc5883Test-IAR7.5\Debug\Obj\stm32l1xx_hal_dac.o
#        D:\01work\proj\地磁\Code\Project\Qmc5883Test-IAR7.5\Debug\Obj\stm32l1xx_hal_dac_ex.o
#        D:\01work\proj\地磁\Code\Project\Qmc5883Test-IAR7.5\Debug\Obj\stm32l1xx_hal_dma.o
#        D:\01work\proj\地磁\Code\Project\Qmc5883Test-IAR7.5\Debug\Obj\stm32l1xx_hal_flash.o
#        D:\01work\proj\地磁\Code\Project\Qmc5883Test-IAR7.5\Debug\Obj\stm32l1xx_hal_flash_ex.o
#        D:\01work\proj\地磁\Code\Project\Qmc5883Test-IAR7.5\Debug\Obj\stm32l1xx_hal_flash_ramfunc.o
#        D:\01work\proj\地磁\Code\Project\Qmc5883Test-IAR7.5\Debug\Obj\stm32l1xx_hal_gpio.o
#        D:\01work\proj\地磁\Code\Project\Qmc5883Test-IAR7.5\Debug\Obj\stm32l1xx_hal_i2c.o
#        D:\01work\proj\地磁\Code\Project\Qmc5883Test-IAR7.5\Debug\Obj\stm32l1xx_hal_i2s.o
#        D:\01work\proj\地磁\Code\Project\Qmc5883Test-IAR7.5\Debug\Obj\stm32l1xx_hal_irda.o
#        D:\01work\proj\地磁\Code\Project\Qmc5883Test-IAR7.5\Debug\Obj\stm32l1xx_hal_iwdg.o
#        D:\01work\proj\地磁\Code\Project\Qmc5883Test-IAR7.5\Debug\Obj\stm32l1xx_hal_lcd.o
#        D:\01work\proj\地磁\Code\Project\Qmc5883Test-IAR7.5\Debug\Obj\stm32l1xx_hal_msp.o
#        D:\01work\proj\地磁\Code\Project\Qmc5883Test-IAR7.5\Debug\Obj\stm32l1xx_hal_nor.o
#        D:\01work\proj\地磁\Code\Project\Qmc5883Test-IAR7.5\Debug\Obj\stm32l1xx_hal_opamp.o
#        D:\01work\proj\地磁\Code\Project\Qmc5883Test-IAR7.5\Debug\Obj\stm32l1xx_hal_opamp_ex.o
#        D:\01work\proj\地磁\Code\Project\Qmc5883Test-IAR7.5\Debug\Obj\stm32l1xx_hal_pcd.o
#        D:\01work\proj\地磁\Code\Project\Qmc5883Test-IAR7.5\Debug\Obj\stm32l1xx_hal_pcd_ex.o
#        D:\01work\proj\地磁\Code\Project\Qmc5883Test-IAR7.5\Debug\Obj\stm32l1xx_hal_pwr.o
#        D:\01work\proj\地磁\Code\Project\Qmc5883Test-IAR7.5\Debug\Obj\stm32l1xx_hal_pwr_ex.o
#        D:\01work\proj\地磁\Code\Project\Qmc5883Test-IAR7.5\Debug\Obj\stm32l1xx_hal_rcc.o
#        D:\01work\proj\地磁\Code\Project\Qmc5883Test-IAR7.5\Debug\Obj\stm32l1xx_hal_rcc_ex.o
#        D:\01work\proj\地磁\Code\Project\Qmc5883Test-IAR7.5\Debug\Obj\stm32l1xx_hal_rtc.o
#        D:\01work\proj\地磁\Code\Project\Qmc5883Test-IAR7.5\Debug\Obj\stm32l1xx_hal_rtc_ex.o
#        D:\01work\proj\地磁\Code\Project\Qmc5883Test-IAR7.5\Debug\Obj\stm32l1xx_hal_sd.o
#        D:\01work\proj\地磁\Code\Project\Qmc5883Test-IAR7.5\Debug\Obj\stm32l1xx_hal_smartcard.o
#        D:\01work\proj\地磁\Code\Project\Qmc5883Test-IAR7.5\Debug\Obj\stm32l1xx_hal_spi.o
#        D:\01work\proj\地磁\Code\Project\Qmc5883Test-IAR7.5\Debug\Obj\stm32l1xx_hal_spi_ex.o
#        D:\01work\proj\地磁\Code\Project\Qmc5883Test-IAR7.5\Debug\Obj\stm32l1xx_hal_sram.o
#        D:\01work\proj\地磁\Code\Project\Qmc5883Test-IAR7.5\Debug\Obj\stm32l1xx_hal_tim.o
#        D:\01work\proj\地磁\Code\Project\Qmc5883Test-IAR7.5\Debug\Obj\stm32l1xx_hal_tim_ex.o
#        D:\01work\proj\地磁\Code\Project\Qmc5883Test-IAR7.5\Debug\Obj\stm32l1xx_hal_uart.o
#        D:\01work\proj\地磁\Code\Project\Qmc5883Test-IAR7.5\Debug\Obj\stm32l1xx_hal_usart.o
#        D:\01work\proj\地磁\Code\Project\Qmc5883Test-IAR7.5\Debug\Obj\stm32l1xx_hal_wwdg.o
#        D:\01work\proj\地磁\Code\Project\Qmc5883Test-IAR7.5\Debug\Obj\stm32l1xx_it.o
#        D:\01work\proj\地磁\Code\Project\Qmc5883Test-IAR7.5\Debug\Obj\stm32l1xx_ll_adc.o
#        D:\01work\proj\地磁\Code\Project\Qmc5883Test-IAR7.5\Debug\Obj\stm32l1xx_ll_comp.o
#        D:\01work\proj\地磁\Code\Project\Qmc5883Test-IAR7.5\Debug\Obj\stm32l1xx_ll_crc.o
#        D:\01work\proj\地磁\Code\Project\Qmc5883Test-IAR7.5\Debug\Obj\stm32l1xx_ll_dac.o
#        D:\01work\proj\地磁\Code\Project\Qmc5883Test-IAR7.5\Debug\Obj\stm32l1xx_ll_dma.o
#        D:\01work\proj\地磁\Code\Project\Qmc5883Test-IAR7.5\Debug\Obj\stm32l1xx_ll_exti.o
#        D:\01work\proj\地磁\Code\Project\Qmc5883Test-IAR7.5\Debug\Obj\stm32l1xx_ll_fsmc.o
#        D:\01work\proj\地磁\Code\Project\Qmc5883Test-IAR7.5\Debug\Obj\stm32l1xx_ll_gpio.o
#        D:\01work\proj\地磁\Code\Project\Qmc5883Test-IAR7.5\Debug\Obj\stm32l1xx_ll_i2c.o
#        D:\01work\proj\地磁\Code\Project\Qmc5883Test-IAR7.5\Debug\Obj\stm32l1xx_ll_opamp.o
#        D:\01work\proj\地磁\Code\Project\Qmc5883Test-IAR7.5\Debug\Obj\stm32l1xx_ll_pwr.o
#        D:\01work\proj\地磁\Code\Project\Qmc5883Test-IAR7.5\Debug\Obj\stm32l1xx_ll_rcc.o
#        D:\01work\proj\地磁\Code\Project\Qmc5883Test-IAR7.5\Debug\Obj\stm32l1xx_ll_rtc.o
#        D:\01work\proj\地磁\Code\Project\Qmc5883Test-IAR7.5\Debug\Obj\stm32l1xx_ll_sdmmc.o
#        D:\01work\proj\地磁\Code\Project\Qmc5883Test-IAR7.5\Debug\Obj\stm32l1xx_ll_spi.o
#        D:\01work\proj\地磁\Code\Project\Qmc5883Test-IAR7.5\Debug\Obj\stm32l1xx_ll_tim.o
#        D:\01work\proj\地磁\Code\Project\Qmc5883Test-IAR7.5\Debug\Obj\stm32l1xx_ll_usart.o
#        D:\01work\proj\地磁\Code\Project\Qmc5883Test-IAR7.5\Debug\Obj\stm32l1xx_ll_utils.o
#        D:\01work\proj\地磁\Code\Project\Qmc5883Test-IAR7.5\Debug\Obj\system_stm32l1xx.o
#        -o D:\01work\proj\地磁\Code\Project\Qmc5883Test-IAR7.5\Debug\Exe\c.out
#        --redirect _Printf=_PrintfFull --redirect _Scanf=_ScanfFull --map
#        D:\01work\proj\地磁\Code\Project\Qmc5883Test-IAR7.5\Debug\List\c.map
#        --config D:\01work\proj\地磁\Code\Link\stm32l151xd_flash.icf
#        --semihosting --entry __iar_program_start --no_exceptions --vfe
#
###############################################################################

*******************************************************************************
*** RUNTIME MODEL ATTRIBUTES
***

CppFlavor                     = *
__Heap_Handler                = Basic
__SystemLibrary               = DLib
__dlib_dynamic_initialization = normal


*******************************************************************************
*** PLACEMENT SUMMARY
***

"A1":  place at 0x08000000 { ro section .intvec };
"P1":  place in [from 0x08000000 to 0x0805ffff] { ro };
"P2":  place in [from 0x20000000 to 0x2000bfff] { rw, block CSTACK, block HEAP };

  Section             Kind        Address    Size  Object
  -------             ----        -------    ----  ------
"A1":                                       0x124
  .intvec             ro code  0x08000000   0x124  startup_stm32l151xd.o [1]
                             - 0x08000124   0x124

"P1":                                      0x563c
  .text               ro code  0x08000124  0x1152  xprintffull.o [3]
  .text               ro code  0x08001276    0x20  xmbtowc.o [3]
  .text               ro code  0x08001296     0xa  xsprout.o [3]
  .text               ro code  0x080012a0    0x16  strchr.o [5]
  .text               ro code  0x080012b8    0x36  strlen.o [5]
  .text               ro code  0x080012f0    0x58  memchr.o [5]
  .text               ro code  0x08001348     0xa  xmbcurmax.o [3]
  .text               ro code  0x08001354    0xb0  xxmemxmalloc.o [3]
  .text               ro code  0x08001404    0x1a  xwctomb.o [3]
  .text               ro code  0x08001420    0x76  ABImemcpy_unaligned.o [5]
  .text               ro code  0x08001498    0x80  xxmemxfree.o [3]
  .text               ro code  0x08001518    0xee  I64DivMod.o [5]
  .text               ro code  0x08001606    0x42  xdnorm.o [4]
  .text               ro code  0x08001648    0x2e  DblCmpLe.o [4]
  .text               ro code  0x08001678    0x2e  DblCmpGe.o [4]
  .text               ro code  0x080016a8   0x10c  xdscale.o [4]
  .text               ro code  0x080017b4    0x58  DblToI32.o [4]
  .text               ro code  0x0800180c    0x30  I32ToDbl.o [4]
  .text               ro code  0x0800183c   0x180  DblSub.o [4]
  .text               ro code  0x080019bc   0x1a2  DblMul.o [4]
  .text               ro code  0x08001b60   0x256  DblDiv.o [4]
  .text               ro code  0x08001db8    0x6c  localeconv.o [3]
  .text               ro code  0x08001e24     0xe  div.o [3]
  .text               ro code  0x08001e34    0x14  setlocale.o [3]
  .text               ro code  0x08001e48    0x60  xencoding_sb.o [3]
  .text               ro code  0x08001ea8    0x2c  xgetmemchunk.o [3]
  .text               ro code  0x08001ed4     0x2  I64DivZer.o [5]
  .text               ro code  0x08001ed8    0xd4  DblAdd.o [4]
  .text               ro code  0x08001fac     0x2  xtls.o [3]
  .text               ro code  0x08001fb0   0xcd0  stm32l1xx_hal_rcc.o [1]
  .text               ro code  0x08002c80    0x70  stm32l1xx_hal.o [1]
  .text               ro code  0x08002cf0    0x10  stm32l1xx_hal_pwr_ex.o [1]
  .text               ro code  0x08002d00   0x144  stm32l1xx_hal_cortex.o [1]
  .text               ro code  0x08002e44   0x1a8  stm32l1xx_hal_msp.o [1]
  .text               ro code  0x08002fec   0x214  stm32l1xx_hal_gpio.o [1]
  .text               ro code  0x08003200   0xa80  stm32l1xx_hal_i2c.o [1]
  .text               ro code  0x08003c80   0x894  stm32l1xx_hal_uart.o [1]
  .text               ro code  0x08004514   0x4cc  qmc5883l.o [1]
  .text               ro code  0x080049e0     0x8  bsp.o [1]
  .text               ro code  0x080049e8   0x140  i2c.o [1]
  .text               ro code  0x08004b28    0x14  memset.o [3]
  .text               ro code  0x08004b3c    0x2e  I32ToFlt.o [4]
  .text               ro code  0x08004b6c    0xfc  FltDiv.o [4]
  .text               ro code  0x08004c68    0x66  ABImemset.o [5]
  .text               ro code  0x08004cd0   0x1ac  main.o [1]
  .text               ro code  0x08004e7c   0x174  device.o [1]
  .text               ro code  0x08004ff0    0x34  sprintf.o [3]
  .text               ro code  0x08005024    0x4e  FltToDbl.o [4]
  .text               ro code  0x08005074    0xd0  clock.o [1]
  .text               ro code  0x08005144   0x170  stm32l1xx_hal_rcc_ex.o [1]
  .rodata             const    0x080052b4    0xd8  main.o [1]
  .text               ro code  0x0800538c    0x64  system_stm32l1xx.o [1]
  .rodata             const    0x080053f0    0x40  main.o [1]
  .rodata             const    0x08005430    0x40  main.o [1]
  .rodata             const    0x08005470    0x40  main.o [1]
  .text               ro code  0x080054b0    0x40  zero_init3.o [5]
  .text               ro code  0x080054f0    0x38  packbits_init_single.o [5]
  .rodata             const    0x08005528    0x2c  main.o [1]
  .text               ro code  0x08005554    0x28  data_init.o [5]
  .text               ro code  0x0800557c    0x24  stm32l1xx_it.o [1]
  .iar.init_table     const    0x080055a0    0x20  - Linker created -
  .rodata             const    0x080055c0    0x1c  main.o [1]
  .text               ro code  0x080055dc    0x1a  cmain.o [5]
  .text               ro code  0x080055f6     0x4  low_level_init.o [3]
  .text               ro code  0x080055fa     0x4  exit.o [3]
  .text               ro code  0x08005600     0xa  cexit.o [5]
  .text               ro code  0x0800560c    0x14  exit.o [6]
  .rodata             const    0x08005620    0x10  main.o [1]
  .rodata             const    0x08005630    0x10  system_stm32l1xx.o [1]
  .text               ro code  0x08005640    0x10  startup_stm32l151xd.o [1]
  .rodata             const    0x08005650     0xc  system_stm32l1xx.o [1]
  .text               ro code  0x0800565c     0xc  cstartup_M.o [5]
  .rodata             const    0x08005668     0x8  system_stm32l1xx.o [1]
  .text               ro code  0x08005670     0x4  startup_stm32l151xd.o [1]
  .text               ro code  0x08005674     0x4  startup_stm32l151xd.o [1]
  .text               ro code  0x08005678     0x4  startup_stm32l151xd.o [1]
  .text               ro code  0x0800567c     0x4  startup_stm32l151xd.o [1]
  .text               ro code  0x08005680     0x4  startup_stm32l151xd.o [1]
  .text               ro code  0x08005684     0x4  startup_stm32l151xd.o [1]
  .text               ro code  0x08005688     0x4  startup_stm32l151xd.o [1]
  .text               ro code  0x0800568c     0x4  startup_stm32l151xd.o [1]
  .text               ro code  0x08005690     0x4  startup_stm32l151xd.o [1]
  .text               ro code  0x08005694     0x4  startup_stm32l151xd.o [1]
  .text               ro code  0x08005698     0x4  startup_stm32l151xd.o [1]
  .text               ro code  0x0800569c     0x4  startup_stm32l151xd.o [1]
  .text               ro code  0x080056a0     0x4  startup_stm32l151xd.o [1]
  .text               ro code  0x080056a4     0x4  startup_stm32l151xd.o [1]
  .text               ro code  0x080056a8     0x4  startup_stm32l151xd.o [1]
  .text               ro code  0x080056ac     0x4  startup_stm32l151xd.o [1]
  .text               ro code  0x080056b0     0x4  startup_stm32l151xd.o [1]
  .text               ro code  0x080056b4     0x4  startup_stm32l151xd.o [1]
  .text               ro code  0x080056b8     0x4  startup_stm32l151xd.o [1]
  .text               ro code  0x080056bc     0x4  startup_stm32l151xd.o [1]
  .text               ro code  0x080056c0     0x4  startup_stm32l151xd.o [1]
  .text               ro code  0x080056c4     0x4  startup_stm32l151xd.o [1]
  .text               ro code  0x080056c8     0x4  startup_stm32l151xd.o [1]
  .text               ro code  0x080056cc     0x4  startup_stm32l151xd.o [1]
  .text               ro code  0x080056d0     0x4  startup_stm32l151xd.o [1]
  .text               ro code  0x080056d4     0x4  startup_stm32l151xd.o [1]
  .text               ro code  0x080056d8     0x4  startup_stm32l151xd.o [1]
  .text               ro code  0x080056dc     0x4  startup_stm32l151xd.o [1]
  .text               ro code  0x080056e0     0x4  startup_stm32l151xd.o [1]
  .text               ro code  0x080056e4     0x4  startup_stm32l151xd.o [1]
  .text               ro code  0x080056e8     0x4  startup_stm32l151xd.o [1]
  .text               ro code  0x080056ec     0x4  startup_stm32l151xd.o [1]
  .text               ro code  0x080056f0     0x4  startup_stm32l151xd.o [1]
  .text               ro code  0x080056f4     0x4  startup_stm32l151xd.o [1]
  .text               ro code  0x080056f8     0x4  startup_stm32l151xd.o [1]
  .text               ro code  0x080056fc     0x4  startup_stm32l151xd.o [1]
  .text               ro code  0x08005700     0x4  startup_stm32l151xd.o [1]
  .text               ro code  0x08005704     0x4  startup_stm32l151xd.o [1]
  .text               ro code  0x08005708     0x4  startup_stm32l151xd.o [1]
  .text               ro code  0x0800570c     0x4  startup_stm32l151xd.o [1]
  .text               ro code  0x08005710     0x4  startup_stm32l151xd.o [1]
  .text               ro code  0x08005714     0x4  startup_stm32l151xd.o [1]
  .text               ro code  0x08005718     0x4  startup_stm32l151xd.o [1]
  .text               ro code  0x0800571c     0x4  startup_stm32l151xd.o [1]
  .text               ro code  0x08005720     0x4  startup_stm32l151xd.o [1]
  .text               ro code  0x08005724     0x4  startup_stm32l151xd.o [1]
  .text               ro code  0x08005728     0x4  startup_stm32l151xd.o [1]
  .text               ro code  0x0800572c     0x4  startup_stm32l151xd.o [1]
  .text               ro code  0x08005730     0x4  startup_stm32l151xd.o [1]
  .text               ro code  0x08005734     0x4  startup_stm32l151xd.o [1]
  .text               ro code  0x08005738     0x4  startup_stm32l151xd.o [1]
  .text               ro code  0x0800573c     0x4  startup_stm32l151xd.o [1]
  .text               ro code  0x08005740     0x4  startup_stm32l151xd.o [1]
  .text               ro code  0x08005744     0x4  startup_stm32l151xd.o [1]
  .text               ro code  0x08005748     0x4  startup_stm32l151xd.o [1]
  .text               ro code  0x0800574c     0x4  startup_stm32l151xd.o [1]
  .rodata             const    0x08005750     0x0  zero_init3.o [5]
  .rodata             const    0x08005750     0x0  packbits_init_single.o [5]
  Initializer bytes   const    0x08005750    0x10  <for P2-1>
                             - 0x08005760  0x563c

"P2", part 1 of 3:                          0x100
  P2-1                         0x20000000   0x100  <Init block>
    .data             inited   0x20000000     0x4  system_stm32l1xx.o [1]
    __DLIB_PERTHREAD  inited   0x20000004    0x88  localeconv.o [3]
    __DLIB_PERTHREAD  inited   0x2000008c    0x74  setlocale.o [3]
                             - 0x20000100   0x100

"P2", part 2 of 3:                          0x600
  CSTACK                       0x20000100   0x400  <Block>
    CSTACK            uninit   0x20000100   0x400  <Block tail>
  HEAP                         0x20000500   0x200  <Block>
    HEAP              uninit   0x20000500   0x200  <Block tail>
                             - 0x20000700   0x600

"P2", part 3 of 3:                          0x124
  .bss                zero     0x20000700    0x54  i2c.o [1]
  .bss                zero     0x20000754    0x40  device.o [1]
  .bss                zero     0x20000794    0x40  device.o [1]
  .bss                zero     0x200007d4    0x30  qmc5883l.o [1]
  .bss                zero     0x20000804     0xc  qmc5883l.o [1]
  .bss                zero     0x20000810     0x8  xxmemxmalloc.o [3]
  .bss                zero     0x20000818     0x4  stm32l1xx_hal.o [1]
  .bss                zero     0x2000081c     0x4  xgetmemchunk.o [3]
  .bss                zero     0x20000820     0x1  qmc5883l.o [1]
                             - 0x20000821   0x121


*******************************************************************************
*** INIT TABLE
***

          Address     Size
          -------     ----
Zero (__iar_zero_init3)
    1 destination range, total size 0x121:
          0x20000700  0x121

Copy/packbits (__iar_packbits_init_single3)
    1 source range, total size 0x10 (6% of destination):
          0x08005750   0x10
    1 destination range, total size 0x100:
          0x20000000  0x100



*******************************************************************************
*** MODULE SUMMARY
***

    Module                  ro code  ro data  rw data
    ------                  -------  -------  -------
D:\01work\proj\地磁\Code\Project\Qmc5883Test-IAR7.5\Debug\Obj: [1]
    bsp.o                         8
    clock.o                     208
    device.o                    372               128
    i2c.o                       320                84
    main.o                      428      496
    qmc5883l.o                1 228                61
    startup_stm32l151xd.o       532
    stm32l1xx_hal.o             112                 4
    stm32l1xx_hal_cortex.o      324
    stm32l1xx_hal_gpio.o        532
    stm32l1xx_hal_i2c.o       2 688
    stm32l1xx_hal_msp.o         424
    stm32l1xx_hal_pwr_ex.o       16
    stm32l1xx_hal_rcc.o       3 280
    stm32l1xx_hal_rcc_ex.o      368
    stm32l1xx_hal_uart.o      2 196
    stm32l1xx_it.o               36
    system_stm32l1xx.o          100       36        4
    -------------------------------------------------
    Total:                   13 172      532      281

command line: [2]
    -------------------------------------------------
    Total:

dl7M_tlf.a: [3]
    div.o                        14
    exit.o                        4
    localeconv.o                108        8      136
    low_level_init.o              4
    memset.o                     20
    setlocale.o                  20        8      116
    sprintf.o                    52
    xencoding_sb.o               96
    xgetmemchunk.o               44                 4
    xmbcurmax.o                  10
    xmbtowc.o                    32
    xprintffull.o             4 434
    xsprout.o                    10
    xtls.o                        2
    xwctomb.o                    26
    xxmemxfree.o                128
    xxmemxmalloc.o              176                 8
    -------------------------------------------------
    Total:                    5 180       16      264

m7M_tl.a: [4]
    DblAdd.o                    212
    DblCmpGe.o                   46
    DblCmpLe.o                   46
    DblDiv.o                    598
    DblMul.o                    418
    DblSub.o                    384
    DblToI32.o                   88
    FltDiv.o                    252
    FltToDbl.o                   78
    I32ToDbl.o                   48
    I32ToFlt.o                   46
    xdnorm.o                     66
    xdscale.o                   268
    -------------------------------------------------
    Total:                    2 550

rt7M_tl.a: [5]
    ABImemcpy_unaligned.o       118
    ABImemset.o                 102
    I64DivMod.o                 238
    I64DivZer.o                   2
    cexit.o                      10
    cmain.o                      26
    cstartup_M.o                 12
    data_init.o                  40
    memchr.o                     88
    packbits_init_single.o       56
    strchr.o                     22
    strlen.o                     54
    zero_init3.o                 64
    -------------------------------------------------
    Total:                      832

shb_l.a: [6]
    exit.o                       20
    -------------------------------------------------
    Total:                       20

    Gaps                         34
    Linker created                        32    1 536
-----------------------------------------------------
    Grand Total:             21 788      580    2 081


*******************************************************************************
*** ENTRY LIST
***

Entry                      Address   Size  Type      Object
-----                      -------   ----  ----      ------
.iar.init_table$$Base   0x080055a0          --   Gb  - Linker created -
.iar.init_table$$Limit  0x080055c0          --   Gb  - Linker created -
?main                   0x080055dd         Code  Gb  cmain.o [5]
AHBPrescTable           0x08005630   0x10  Data  Gb  system_stm32l1xx.o [1]
APBPrescTable           0x08005668    0x8  Data  Gb  system_stm32l1xx.o [1]
BusFault_Handler        0x08005583    0x2  Code  Gb  stm32l1xx_it.o [1]
CSTACK$$Base            0x20000100          --   Gb  - Linker created -
CSTACK$$Limit           0x20000500          --   Gb  - Linker created -
ClockInit               0x08005075   0xd0  Code  Gb  clock.o [1]
DebugMon_Handler        0x08005587    0x2  Code  Gb  stm32l1xx_it.o [1]
Delay                   0x080049e1    0x8  Code  Gb  bsp.o [1]
DeviceInit              0x08004fd9   0x18  Code  Gb  device.o [1]
FilterArrary            0x200007d4   0x30  Data  Lc  qmc5883l.o [1]
FilterCount             0x20000820    0x1  Data  Lc  qmc5883l.o [1]
HAL_Delay               0x08002ccd   0x1a  Code  Wk  stm32l1xx_hal.o [1]
HAL_GPIO_Init           0x08002fed  0x1c2  Code  Gb  stm32l1xx_hal_gpio.o [1]
HAL_GPIO_TogglePin      0x080031c3    0xa  Code  Gb  stm32l1xx_hal_gpio.o [1]
HAL_GPIO_WritePin       0x080031af   0x14  Code  Gb  stm32l1xx_hal_gpio.o [1]
HAL_GetTick             0x08002cc7    0x6  Code  Wk  stm32l1xx_hal.o [1]
HAL_I2C_GetError        0x0800381d    0x4  Code  Gb  stm32l1xx_hal_i2c.o [1]
HAL_I2C_Init            0x08003201  0x16e  Code  Gb  stm32l1xx_hal_i2c.o [1]
HAL_I2C_Master_Receive  0x080034f3  0x30e  Code  Gb  stm32l1xx_hal_i2c.o [1]
HAL_I2C_Master_Transmit
                        0x0800336f  0x184  Code  Gb  stm32l1xx_hal_i2c.o [1]
HAL_I2C_MspInit         0x08002ed3   0x46  Code  Gb  stm32l1xx_hal_msp.o [1]
HAL_IncTick             0x08002cbb    0xc  Code  Wk  stm32l1xx_hal.o [1]
HAL_Init                0x08002c81   0x16  Code  Gb  stm32l1xx_hal.o [1]
HAL_InitTick            0x08002c97   0x24  Code  Wk  stm32l1xx_hal.o [1]
HAL_MspInit             0x08002e45   0x8e  Code  Gb  stm32l1xx_hal_msp.o [1]
HAL_NVIC_EnableIRQ      0x08002df3    0xa  Code  Gb  stm32l1xx_hal_cortex.o [1]
HAL_NVIC_SetPriority    0x08002dd1   0x22  Code  Gb  stm32l1xx_hal_cortex.o [1]
HAL_NVIC_SetPriorityGrouping
                        0x08002dc9    0x8  Code  Gb  stm32l1xx_hal_cortex.o [1]
HAL_PWREx_GetVoltageRange
                        0x08002cf1    0xa  Code  Gb  stm32l1xx_hal_pwr_ex.o [1]
HAL_RCCEx_PeriphCLKConfig
                        0x08005145  0x15c  Code  Gb  stm32l1xx_hal_rcc_ex.o [1]
HAL_RCC_ClockConfig     0x0800283b  0x29e  Code  Gb  stm32l1xx_hal_rcc.o [1]
HAL_RCC_GetHCLKFreq     0x08002b63    0x6  Code  Gb  stm32l1xx_hal_rcc.o [1]
HAL_RCC_GetPCLK1Freq    0x08002b69   0x20  Code  Gb  stm32l1xx_hal_rcc.o [1]
HAL_RCC_GetPCLK2Freq    0x08002b91   0x20  Code  Gb  stm32l1xx_hal_rcc.o [1]
HAL_RCC_GetSysClockFreq
                        0x08002ad9   0x8a  Code  Gb  stm32l1xx_hal_rcc.o [1]
HAL_RCC_OscConfig       0x08001fb1  0x88a  Code  Gb  stm32l1xx_hal_rcc.o [1]
HAL_SYSTICK_CLKSourceConfig
                        0x08002e05   0x20  Code  Gb  stm32l1xx_hal_cortex.o [1]
HAL_SYSTICK_Config      0x08002dfd    0x8  Code  Gb  stm32l1xx_hal_cortex.o [1]
HAL_UART_ErrorCallback  0x08003fd5    0x2  Code  Wk  stm32l1xx_hal_uart.o [1]
HAL_UART_IRQHandler     0x08003ecf  0x102  Code  Gb  stm32l1xx_hal_uart.o [1]
HAL_UART_Init           0x08003c81   0x70  Code  Gb  stm32l1xx_hal_uart.o [1]
HAL_UART_MspInit        0x08002f19   0xae  Code  Gb  stm32l1xx_hal_msp.o [1]
HAL_UART_Receive        0x08003ddb   0xf4  Code  Gb  stm32l1xx_hal_uart.o [1]
HAL_UART_RxCpltCallback
                        0x08003fd3    0x2  Code  Wk  stm32l1xx_hal_uart.o [1]
HAL_UART_Transmit       0x08003cf1   0xea  Code  Gb  stm32l1xx_hal_uart.o [1]
HAL_UART_TxCpltCallback
                        0x08003fd1    0x2  Code  Wk  stm32l1xx_hal_uart.o [1]
HEAP$$Base              0x20000500          --   Gb  - Linker created -
HEAP$$Limit             0x20000700          --   Gb  - Linker created -
HardFault_Handler       0x0800557f    0x2  Code  Gb  stm32l1xx_it.o [1]
I2C_IsAcknowledgeFailed
                        0x08003c55   0x2c  Code  Lc  stm32l1xx_hal_i2c.o [1]
I2C_MasterRequestRead   0x080038ed  0x138  Code  Lc  stm32l1xx_hal_i2c.o [1]
I2C_MasterRequestWrite  0x08003821   0xc2  Code  Lc  stm32l1xx_hal_i2c.o [1]
I2C_WaitOnBTFFlagUntilTimeout
                        0x08003ba1   0x52  Code  Lc  stm32l1xx_hal_i2c.o [1]
I2C_WaitOnFlagUntilTimeout
                        0x08003a31   0x7e  Code  Lc  stm32l1xx_hal_i2c.o [1]
I2C_WaitOnMasterAddressFlagUntilTimeout
                        0x08003aaf   0xa0  Code  Lc  stm32l1xx_hal_i2c.o [1]
I2C_WaitOnRXNEFlagUntilTimeout
                        0x08003bf3   0x62  Code  Lc  stm32l1xx_hal_i2c.o [1]
I2C_WaitOnTXEFlagUntilTimeout
                        0x08003b4f   0x52  Code  Lc  stm32l1xx_hal_i2c.o [1]
I2cByteWrite            0x08004ac5   0x5a  Code  Gb  i2c.o [1]
I2cBytesRead            0x08004a3f   0x86  Code  Gb  i2c.o [1]
I2cHander               0x20000804    0xc  Data  Lc  qmc5883l.o [1]
I2cHander1              0x20000700   0x54  Data  Lc  i2c.o [1]
I2cInit                 0x080049e9   0x56  Code  Gb  i2c.o [1]
LoadInt                 0x08000759   0x6e  Code  Lc  xprintffull.o [3]
MX_GPIO_Init            0x08004ef5   0xc8  Code  Lc  device.o [1]
MX_USART1_UART_Init     0x08004e7d   0x3c  Code  Lc  device.o [1]
MX_USART3_UART_Init     0x08004eb9   0x3c  Code  Lc  device.o [1]
MemManage_Handler       0x08005581    0x2  Code  Gb  stm32l1xx_it.o [1]
NMI_Handler             0x0800557d    0x2  Code  Gb  stm32l1xx_it.o [1]
NVIC_EnableIRQ          0x08002d27   0x14  Code  Lc  stm32l1xx_hal_cortex.o [1]
NVIC_EncodePriority     0x08002d5d   0x3e  Code  Lc  stm32l1xx_hal_cortex.o [1]
NVIC_GetPriorityGrouping
                        0x08002d1d    0xa  Code  Lc  stm32l1xx_hal_cortex.o [1]
NVIC_SetPriority        0x08002d3b   0x22  Code  Lc  stm32l1xx_hal_cortex.o [1]
NVIC_SetPriorityGrouping
                        0x08002d01   0x1c  Code  Lc  stm32l1xx_hal_cortex.o [1]
PLLMulTable             0x08005650    0xc  Data  Gb  system_stm32l1xx.o [1]
Qmc5883lConfigEx        0x08004577   0x58  Code  Gb  qmc5883l.o [1]
Qmc5883lFilterGetData   0x080047c7  0x1c0  Code  Gb  qmc5883l.o [1]
Qmc5883lGetData         0x08004735   0x92  Code  Gb  qmc5883l.o [1]
Qmc5883lI2cByteWrite    0x08004987   0x22  Code  Lc  qmc5883l.o [1]
Qmc5883lI2cBytesRead    0x080049a9   0x22  Code  Lc  qmc5883l.o [1]
Qmc5883lInit            0x08004529   0x4e  Code  Gb  qmc5883l.o [1]
Qmc5883lPowerOff        0x0800451f    0xa  Code  Lc  qmc5883l.o [1]
Qmc5883lPowerOn         0x08004515    0xa  Code  Lc  qmc5883l.o [1]
Qmc5883lSelfTest        0x080045cf  0x166  Code  Gb  qmc5883l.o [1]
RCC_SetFlashLatencyFromMSIRange
                        0x08002bc5   0x88  Code  Lc  stm32l1xx_hal_rcc.o [1]
Region$$Table$$Base     0x080055a0          --   Gb  - Linker created -
Region$$Table$$Limit    0x080055c0          --   Gb  - Linker created -
StartDefaultTask        0x08004ce5  0x172  Code  Gb  main.o [1]
SysTick_Config          0x08002d9b   0x2e  Code  Lc  stm32l1xx_hal_cortex.o [1]
SysTick_Handler         0x08005589    0x8  Code  Gb  stm32l1xx_it.o [1]
SystemCoreClock         0x20000000    0x4  Data  Gb  system_stm32l1xx.o [1]
SystemInit              0x0800538d   0x4c  Code  Gb  system_stm32l1xx.o [1]
UART_EndTransmit_IT     0x08004127   0x2c  Code  Lc  stm32l1xx_hal_uart.o [1]
UART_Receive_IT         0x08004153   0xbc  Code  Lc  stm32l1xx_hal_uart.o [1]
UART_SetConfig          0x0800420f  0x2fc  Code  Lc  stm32l1xx_hal_uart.o [1]
UART_Transmit_IT        0x080040b7   0x70  Code  Lc  stm32l1xx_hal_uart.o [1]
UART_WaitOnFlagUntilTimeout
                        0x08003fd7   0xe0  Code  Lc  stm32l1xx_hal_uart.o [1]
USART3_IRQHandler       0x08005591    0xa  Code  Gb  stm32l1xx_it.o [1]
UsageFault_Handler      0x08005585    0x2  Code  Gb  stm32l1xx_it.o [1]
_EncodingSb_Mbtowc      0x08001e63   0x30  Code  Gb  xencoding_sb.o [3]
_EncodingSb_Wctomb      0x08001e49   0x1a  Code  Gb  xencoding_sb.o [3]
_GenldFull              0x08000fe3  0x24c  Code  Lc  xprintffull.o [3]
_IsdstStr               0x20000090    0x4  Data  Gb  setlocale.o [3]
_LdtobFull              0x08000be1  0x3fc  Code  Lc  xprintffull.o [3]
_LitobFull              0x08000ad9  0x106  Code  Lc  xprintffull.o [3]
_LocaleEncoding         0x08001e35    0xe  Code  Gb  setlocale.o [3]
_LocaleReturnString     0x200000b0   0x50  Data  Lc  setlocale.o [3]
_Locale_Profile         0x20000094   0x1c  Data  Gb  setlocale.o [3]
_Locale_aeabi_lconv     0x20000054   0x38  Data  Gb  localeconv.o [3]
_Locale_lconv           0x20000004   0x50  Data  Gb  localeconv.o [3]
_Mbtowc                 0x08001277   0x20  Code  Gb  xmbtowc.o [3]
_PrintfFull             0x08000125  0x61e  Code  Gb  xprintffull.o [3]
_PutcharsFull           0x0800122f   0x2e  Code  Lc  xprintffull.o [3]
_PutstrFull             0x080007c7  0x30c  Code  Lc  xprintffull.o [3]
_SProut                 0x08001297    0xa  Code  Gb  xsprout.o [3]
_TzoneStr               0x2000008c    0x4  Data  Gb  setlocale.o [3]
_Wctomb                 0x08001405   0x1a  Code  Gb  xwctomb.o [3]
__aeabi_cdcmple         0x08001649         Code  Gb  DblCmpLe.o [4]
__aeabi_cdrcmple        0x08001679         Code  Gb  DblCmpGe.o [4]
__aeabi_d2iz            0x080017b5         Code  Gb  DblToI32.o [4]
__aeabi_d2uiz           0x080017e1         Code  Gb  DblToI32.o [4]
__aeabi_ddiv            0x08001b61         Code  Gb  DblDiv.o [4]
__aeabi_dmul            0x080019bd         Code  Gb  DblMul.o [4]
__aeabi_dsub            0x0800183d         Code  Gb  DblSub.o [4]
__aeabi_f2d             0x08005025         Code  Gb  FltToDbl.o [4]
__aeabi_fdiv            0x08004b6d         Code  Gb  FltDiv.o [4]
__aeabi_i2d             0x0800180d         Code  Gb  I32ToDbl.o [4]
__aeabi_i2f             0x08004b3d         Code  Gb  I32ToFlt.o [4]
__aeabi_ldiv0           0x08001ed5         Code  Gb  I64DivZer.o [5]
__aeabi_memset          0x08004c69         Code  Gb  ABImemset.o [5]
__aeabi_ui2d            0x08001821         Code  Gb  I32ToDbl.o [4]
__aeabi_uldivmod        0x08001519         Code  Gb  I64DivMod.o [5]
__cmain                 0x080055dd         Code  Gb  cmain.o [5]
__data_Aldata           0x20000810    0x8  Data  Gb  xxmemxmalloc.o [3]
__data_GetMemChunk      0x08001ea9   0x2c  Code  Gb  xgetmemchunk.o [3]
__exit                  0x0800560d   0x14  Code  Gb  exit.o [6]
__iar_Dnorm             0x08001607   0x42  Code  Gb  xdnorm.o [4]
__iar_Dscale            0x080016a9  0x10c  Code  Gb  xdscale.o [4]
__iar_Locale_lconv_init
                        0x08001db9   0x3a  Code  Gb  localeconv.o [3]
__iar_Mbcurmax          0x08001349    0xa  Code  Gb  xmbcurmax.o [3]
__iar_Memchr            0x080012f1         Code  Gb  memchr.o [5]
__iar_Memset            0x08004c69         Code  Gb  ABImemset.o [5]
__iar_Memset_word       0x08004c71         Code  Gb  ABImemset.o [5]
__iar_Strchr            0x080012a1         Code  Gb  strchr.o [5]
__iar_d2uiz             0x080017ed         Code  Gb  DblToI32.o [4]
__iar_dadd              0x08001ed9         Code  Gb  DblAdd.o [4]
__iar_data_init3        0x08005555   0x28  Code  Gb  data_init.o [5]
__iar_dlib_perthread_access
                        0x08001fad    0x2  Code  Gb  xtls.o [3]
__iar_dsub              0x08001851         Code  Gb  DblSub.o [4]
__iar_dsubStart         0x08001863         Code  Gb  DblSub.o [4]
__iar_packbits_init_single3
                        0x080054f1   0x38  Code  Gb  packbits_init_single.o [5]
__iar_program_start     0x0800565d         Code  Gb  cstartup_M.o [5]
__iar_ui2d              0x08001825         Code  Gb  I32ToDbl.o [4]
__iar_ui2f              0x08004b51         Code  Gb  I32ToFlt.o [4]
__iar_unaligned___aeabi_memcpy
                        0x08001421         Code  Gb  ABImemcpy_unaligned.o [5]
__iar_unaligned___aeabi_memcpy4
                        0x08001441         Code  Gb  ABImemcpy_unaligned.o [5]
__iar_unaligned___aeabi_memcpy8
                        0x08001441         Code  Gb  ABImemcpy_unaligned.o [5]
__iar_zero_init3        0x080054b1   0x40  Code  Gb  zero_init3.o [5]
__low_level_init        0x080055f7    0x4  Code  Gb  low_level_init.o [3]
__vector_table          0x08000000         Data  Gb  startup_stm32l151xd.o [1]
_call_main              0x080055e9         Code  Gb  cmain.o [5]
_exit                   0x08005601         Code  Gb  cexit.o [5]
_main                   0x080055f3         Code  Gb  cmain.o [5]
div                     0x08001e25    0xe  Code  Gb  div.o [3]
exit                    0x080055fb    0x4  Code  Gb  exit.o [3]
free                    0x08001499   0x7a  Code  Gb  xxmemxfree.o [3]
huart1                  0x20000754   0x40  Data  Gb  device.o [1]
huart3                  0x20000794   0x40  Data  Gb  device.o [1]
localeconv              0x08001df3   0x16  Code  Gb  localeconv.o [3]
main                    0x08004cd1   0x14  Code  Gb  main.o [1]
malloc                  0x08001355   0xac  Code  Gb  xxmemxmalloc.o [3]
memchr                  0x080012f1         Code  Gb  memchr.o [5]
memset                  0x08004b29   0x14  Code  Gb  memset.o [3]
sprintf                 0x08004ff1   0x34  Code  Gb  sprintf.o [3]
strchr                  0x080012a1         Code  Gb  strchr.o [5]
strlen                  0x080012b9         Code  Gb  strlen.o [5]
uwTick                  0x20000818    0x4  Data  Gb  stm32l1xx_hal.o [1]


[1] = D:\01work\proj\地磁\Code\Project\Qmc5883Test-IAR7.5\Debug\Obj
[2] = command line
[3] = dl7M_tlf.a
[4] = m7M_tl.a
[5] = rt7M_tl.a
[6] = shb_l.a

  21 788 bytes of readonly  code memory
     580 bytes of readonly  data memory
   2 081 bytes of readwrite data memory

Errors: none
Warnings: none
