###############################################################################
#
# IAR ANSI C/C++ Compiler V7.50.1.10123/W32 for ARM       21/Sep/2016  16:55:15
# Copyright 1999-2015 IAR Systems AB.
#
#    Cpu mode     =  thumb
#    Endian       =  little
#    Source file  =  
#        D:\01work\proj\地磁\Code\Drivers\Core\STM32L1xx_HAL_Driver\Src\stm32l1xx_ll_pwr.c
#    Command line =  
#        D:\01work\proj\地磁\Code\Drivers\Core\STM32L1xx_HAL_Driver\Src\stm32l1xx_ll_pwr.c
#        -D USE_HAL_DRIVER -D STM32L151xD -lC
#        D:\01work\proj\地磁\Code\Project\Qmc5883Test-IAR7.5\Debug\List -lA
#        D:\01work\proj\地磁\Code\Project\Qmc5883Test-IAR7.5\Debug\List -o
#        D:\01work\proj\地磁\Code\Project\Qmc5883Test-IAR7.5\Debug\Obj --no_cse
#        --no_unroll --no_inline --no_code_motion --no_tbaa --no_clustering
#        --no_scheduling --debug --endian=little --cpu=Cortex-M3 -e --fpu=None
#        --dlib_config "C:\Program Files (x86)\IAR Systems\Embedded Workbench
#        7.3\arm\INC\c\DLib_Config_Full.h" -I
#        D:\01work\proj\地磁\Code\Project\Qmc5883Test-IAR7.5/../../Apps/Config\
#        -I
#        D:\01work\proj\地磁\Code\Project\Qmc5883Test-IAR7.5/../../Drivers\Inc\
#        -I
#        D:\01work\proj\地磁\Code\Project\Qmc5883Test-IAR7.5/../../Drivers\Core\CMSIS\RTOS\Template\
#        -I
#        D:\01work\proj\地磁\Code\Project\Qmc5883Test-IAR7.5/../../Drivers/Core/CMSIS/Device/ST/STM32L1xx/Include\
#        -I
#        D:\01work\proj\地磁\Code\Project\Qmc5883Test-IAR7.5/../../Drivers/Core/STM32L1xx_HAL_Driver/Config\
#        -I
#        D:\01work\proj\地磁\Code\Project\Qmc5883Test-IAR7.5/../../Drivers/Core/STM32L1xx_HAL_Driver/Inc\
#        -I
#        D:\01work\proj\地磁\Code\Project\Qmc5883Test-IAR7.5/../../Drivers/Core/STM32L1xx_HAL_Driver/Inc/Legacy\
#        -I
#        D:\01work\proj\地磁\Code\Project\Qmc5883Test-IAR7.5/../../Middlewares/FreeRTOS/Source/portable/IAR/ARM_CM3\
#        -I
#        D:\01work\proj\地磁\Code\Project\Qmc5883Test-IAR7.5/../../Middlewares/FreeRTOS/Source/include\
#        -I
#        D:\01work\proj\地磁\Code\Project\Qmc5883Test-IAR7.5/../../Middlewares/Third_Party/FreeRTOS/Source/CMSIS_RTOS\
#        -I
#        D:\01work\proj\地磁\Code\Project\Qmc5883Test-IAR7.5/../../Drivers/Core/CMSIS/Include\
#        -I
#        D:\01work\proj\地磁\Code\Project\Qmc5883Test-IAR7.5/../../Drivers/Core/RTT\
#        -I D:\01work\proj\地磁\Code\Project\Qmc5883Test-IAR7.5/../../Drivers\
#        -I D:\01work\proj\地磁\Code\Project\Qmc5883Test-IAR7.5/../../BSP/Inc/\
#        -I
#        D:\01work\proj\地磁\Code\Project\Qmc5883Test-IAR7.5/../../Drivers/Core/CMSIS/Device/ST/STM32L1xx/Include\
#        -Ol
#    List file    =  
#        D:\01work\proj\地磁\Code\Project\Qmc5883Test-IAR7.5\Debug\List\stm32l1xx_ll_pwr.lst
#    Object file  =  
#        D:\01work\proj\地磁\Code\Project\Qmc5883Test-IAR7.5\Debug\Obj\stm32l1xx_ll_pwr.o
#
###############################################################################

D:\01work\proj\地磁\Code\Drivers\Core\STM32L1xx_HAL_Driver\Src\stm32l1xx_ll_pwr.c
      1          /**
      2            ******************************************************************************
      3            * @file    stm32l1xx_ll_pwr.c
      4            * @author  MCD Application Team
      5            * @version V1.2.0
      6            * @date    01-July-2016
      7            * @brief   PWR LL module driver.
      8            ******************************************************************************
      9            * @attention
     10            *
     11            * <h2><center>&copy; COPYRIGHT(c) 2016 STMicroelectronics</center></h2>
     12            *
     13            * Redistribution and use in source and binary forms, with or without modification,
     14            * are permitted provided that the following conditions are met:
     15            *   1. Redistributions of source code must retain the above copyright notice,
     16            *      this list of conditions and the following disclaimer.
     17            *   2. Redistributions in binary form must reproduce the above copyright notice,
     18            *      this list of conditions and the following disclaimer in the documentation
     19            *      and/or other materials provided with the distribution.
     20            *   3. Neither the name of STMicroelectronics nor the names of its contributors
     21            *      may be used to endorse or promote products derived from this software
     22            *      without specific prior written permission.
     23            *
     24            * THIS SOFTWARE IS PROVIDED BY THE COPYRIGHT HOLDERS AND CONTRIBUTORS "AS IS"
     25            * AND ANY EXPRESS OR IMPLIED WARRANTIES, INCLUDING, BUT NOT LIMITED TO, THE
     26            * IMPLIED WARRANTIES OF MERCHANTABILITY AND FITNESS FOR A PARTICULAR PURPOSE ARE
     27            * DISCLAIMED. IN NO EVENT SHALL THE COPYRIGHT HOLDER OR CONTRIBUTORS BE LIABLE
     28            * FOR ANY DIRECT, INDIRECT, INCIDENTAL, SPECIAL, EXEMPLARY, OR CONSEQUENTIAL
     29            * DAMAGES (INCLUDING, BUT NOT LIMITED TO, PROCUREMENT OF SUBSTITUTE GOODS OR
     30            * SERVICES; LOSS OF USE, DATA, OR PROFITS; OR BUSINESS INTERRUPTION) HOWEVER
     31            * CAUSED AND ON ANY THEORY OF LIABILITY, WHETHER IN CONTRACT, STRICT LIABILITY,
     32            * OR TORT (INCLUDING NEGLIGENCE OR OTHERWISE) ARISING IN ANY WAY OUT OF THE USE
     33            * OF THIS SOFTWARE, EVEN IF ADVISED OF THE POSSIBILITY OF SUCH DAMAGE.
     34            *
     35            ******************************************************************************
     36            */
     37          #if defined(USE_FULL_LL_DRIVER)
     38          
     39          /* Includes ------------------------------------------------------------------*/
     40          #include "stm32l1xx_ll_pwr.h"
     41          #include "stm32l1xx_ll_bus.h"
     42          
     43          /** @addtogroup STM32L1xx_LL_Driver
     44            * @{
     45            */
     46          
     47          #if defined(PWR)
     48          
     49          /** @defgroup PWR_LL PWR
     50            * @{
     51            */
     52          
     53          /* Private types -------------------------------------------------------------*/
     54          /* Private variables ---------------------------------------------------------*/
     55          /* Private constants ---------------------------------------------------------*/
     56          /* Private macros ------------------------------------------------------------*/
     57          /* Private function prototypes -----------------------------------------------*/
     58          
     59          /* Exported functions --------------------------------------------------------*/
     60          /** @addtogroup PWR_LL_Exported_Functions
     61            * @{
     62            */
     63          
     64          /** @addtogroup PWR_LL_EF_Init
     65            * @{
     66            */
     67          
     68          /**
     69            * @brief  De-initialize the PWR registers to their default reset values.
     70            * @retval An ErrorStatus enumeration value:
     71            *          - SUCCESS: PWR registers are de-initialized
     72            *          - ERROR: not applicable
     73            */
     74          ErrorStatus LL_PWR_DeInit(void)
     75          {
     76            /* Force reset of PWR clock */
     77            LL_APB1_GRP1_ForceReset(LL_APB1_GRP1_PERIPH_PWR);
     78          
     79            /* Release reset of PWR clock */
     80            LL_APB1_GRP1_ReleaseReset(LL_APB1_GRP1_PERIPH_PWR);
     81          
     82            return SUCCESS;
     83          }
     84          
     85          /**
     86            * @}
     87            */
     88          
     89          /**
     90            * @}
     91            */
     92          
     93          /**
     94            * @}
     95            */
     96          #endif /* defined(PWR) */
     97          /**
     98            * @}
     99            */
    100          
    101          #endif /* USE_FULL_LL_DRIVER */
    102          
    103          /************************ (C) COPYRIGHT STMicroelectronics *****END OF FILE****/


 

 


Errors: none
Warnings: none
